The target system is: Darwin - 1 - 
The host system is: Darwin - 25.3.0 - x86_64
Compiling the C compiler identification source file "CMakeCCompilerId.c" succeeded.
Compiler: /Applications/Xcode.app/Contents/Developer/Toolchains/XcodeDefault.xctoolchain/usr/bin/clang 
Build flags: 
Id flags:  

The output was:
0
Command line invocation:
    /Applications/Xcode.app/Contents/Developer/usr/bin/xcodebuild

ComputePackagePrebuildTargetDependencyGraph

CreateBuildRequest

SendProjectDescription

CreateBuildOperation

ComputeTargetDependencyGraph
note: Building targets in dependency order
note: Target dependency graph (1 target)
    Target 'CompilerIdC' in project 'CompilerIdC' (no dependencies)

GatherProvisioningInputs

CreateBuildDescription

ExecuteExternalTool /Applications/Xcode.app/Contents/Developer/Toolchains/XcodeDefault.xctoolchain/usr/bin/clang -v -E -dM -isysroot /Applications/Xcode.app/Contents/Developer/Platforms/iPhoneOS.platform/Developer/SDKs/iPhoneOS.sdk -x c -c /dev/null

ExecuteExternalTool /Applications/Xcode.app/Contents/Developer/Toolchains/XcodeDefault.xctoolchain/usr/bin/clang -v -E -dM -arch arm64 -isysroot /Applications/Xcode.app/Contents/Developer/Platforms/iPhoneOS.platform/Developer/SDKs/iPhoneOS.sdk -x c -c /dev/null

ExecuteExternalTool /Applications/Xcode.app/Contents/Developer/Toolchains/XcodeDefault.xctoolchain/usr/bin/ld -version_details

Build description signature: 225032983fbe90088ecbf54ff1280e95
Build description path: /Users/clover/Desktop/gfxbench/out/build/ios/app_ios/CMakeFiles/3.18.0/CompilerIdC/./XCBuildData/225032983fbe90088ecbf54ff1280e95.xcbuilddata
CreateBuildDirectory /Users/clover/Desktop/gfxbench/out/build/ios/app_ios/CMakeFiles/3.18.0/CompilerIdC
    cd /Users/clover/Desktop/gfxbench/out/build/ios/app_ios/CMakeFiles/3.18.0/CompilerIdC/CompilerIdC.xcodeproj
    builtin-create-build-directory /Users/clover/Desktop/gfxbench/out/build/ios/app_ios/CMakeFiles/3.18.0/CompilerIdC

ClangStatCache /Applications/Xcode.app/Contents/Developer/Toolchains/XcodeDefault.xctoolchain/usr/bin/clang-stat-cache /Applications/Xcode.app/Contents/Developer/Platforms/iPhoneOS.platform/Developer/SDKs/iPhoneOS.sdk /var/folders/9z/nhsvmbtx1dq_6rpw26bm92fh0000gn/C/com.apple.DeveloperTools/26.2-17C52/Xcode/SDKStatCaches.noindex/iphoneos26.2-23C53-3885c01c3e6b6a337905948deab2002eb86d5463c27eb19f5a0802f060ecffd6.sdkstatcache
    cd /Users/clover/Desktop/gfxbench/out/build/ios/app_ios/CMakeFiles/3.18.0/CompilerIdC/CompilerIdC.xcodeproj
    /Applications/Xcode.app/Contents/Developer/Toolchains/XcodeDefault.xctoolchain/usr/bin/clang-stat-cache /Applications/Xcode.app/Contents/Developer/Platforms/iPhoneOS.platform/Developer/SDKs/iPhoneOS.sdk -o /var/folders/9z/nhsvmbtx1dq_6rpw26bm92fh0000gn/C/com.apple.DeveloperTools/26.2-17C52/Xcode/SDKStatCaches.noindex/iphoneos26.2-23C53-3885c01c3e6b6a337905948deab2002eb86d5463c27eb19f5a0802f060ecffd6.sdkstatcache

CreateBuildDirectory /Users/clover/Desktop/gfxbench/out/build/ios/app_ios/CMakeFiles/3.18.0/CompilerIdC/SwiftExplicitPrecompiledModules
    cd /Users/clover/Desktop/gfxbench/out/build/ios/app_ios/CMakeFiles/3.18.0/CompilerIdC/CompilerIdC.xcodeproj
    builtin-create-build-directory /Users/clover/Desktop/gfxbench/out/build/ios/app_ios/CMakeFiles/3.18.0/CompilerIdC/SwiftExplicitPrecompiledModules

CreateBuildDirectory /Users/clover/Desktop/gfxbench/out/build/ios/app_ios/CMakeFiles/3.18.0/CompilerIdC/ExplicitPrecompiledModules
    cd /Users/clover/Desktop/gfxbench/out/build/ios/app_ios/CMakeFiles/3.18.0/CompilerIdC/CompilerIdC.xcodeproj
    builtin-create-build-directory /Users/clover/Desktop/gfxbench/out/build/ios/app_ios/CMakeFiles/3.18.0/CompilerIdC/ExplicitPrecompiledModules

CreateBuildDirectory /Users/clover/Desktop/gfxbench/out/build/ios/app_ios/CMakeFiles/3.18.0/CompilerIdC/EagerLinkingTBDs/Debug-iphoneos
    cd /Users/clover/Desktop/gfxbench/out/build/ios/app_ios/CMakeFiles/3.18.0/CompilerIdC/CompilerIdC.xcodeproj
    builtin-create-build-directory /Users/clover/Desktop/gfxbench/out/build/ios/app_ios/CMakeFiles/3.18.0/CompilerIdC/EagerLinkingTBDs/Debug-iphoneos

WriteAuxiliaryFile /Users/clover/Desktop/gfxbench/out/build/ios/app_ios/CMakeFiles/3.18.0/CompilerIdC/CompilerIdC.build/Debug-iphoneos/CompilerIdC-d9d24303ac0ea36fa2bc7f98aeea5fe3-VFS-iphoneos/all-product-headers.yaml
    cd /Users/clover/Desktop/gfxbench/out/build/ios/app_ios/CMakeFiles/3.18.0/CompilerIdC/CompilerIdC.xcodeproj
    write-file /Users/clover/Desktop/gfxbench/out/build/ios/app_ios/CMakeFiles/3.18.0/CompilerIdC/CompilerIdC.build/Debug-iphoneos/CompilerIdC-d9d24303ac0ea36fa2bc7f98aeea5fe3-VFS-iphoneos/all-product-headers.yaml

WriteAuxiliaryFile /Users/clover/Desktop/gfxbench/out/build/ios/app_ios/CMakeFiles/3.18.0/CompilerIdC/CompilerIdC.build/Debug-iphoneos/CompilerIdC.build/CompilerIdC.hmap (in target 'CompilerIdC' from project 'CompilerIdC')
    cd /Users/clover/Desktop/gfxbench/out/build/ios/app_ios/CMakeFiles/3.18.0/CompilerIdC
    write-file /Users/clover/Desktop/gfxbench/out/build/ios/app_ios/CMakeFiles/3.18.0/CompilerIdC/CompilerIdC.build/Debug-iphoneos/CompilerIdC.build/CompilerIdC.hmap

WriteAuxiliaryFile /Users/clover/Desktop/gfxbench/out/build/ios/app_ios/CMakeFiles/3.18.0/CompilerIdC/CompilerIdC.build/Debug-iphoneos/CompilerIdC.build/Script-2C8FEB8E15DC1A1A00E56A5D.sh (in target 'CompilerIdC' from project 'CompilerIdC')
    cd /Users/clover/Desktop/gfxbench/out/build/ios/app_ios/CMakeFiles/3.18.0/CompilerIdC
    write-file /Users/clover/Desktop/gfxbench/out/build/ios/app_ios/CMakeFiles/3.18.0/CompilerIdC/CompilerIdC.build/Debug-iphoneos/CompilerIdC.build/Script-2C8FEB8E15DC1A1A00E56A5D.sh

WriteAuxiliaryFile /Users/clover/Desktop/gfxbench/out/build/ios/app_ios/CMakeFiles/3.18.0/CompilerIdC/CompilerIdC.build/Debug-iphoneos/CompilerIdC.build/CompilerIdC.DependencyMetadataFileList (in target 'CompilerIdC' from project 'CompilerIdC')
    cd /Users/clover/Desktop/gfxbench/out/build/ios/app_ios/CMakeFiles/3.18.0/CompilerIdC
    write-file /Users/clover/Desktop/gfxbench/out/build/ios/app_ios/CMakeFiles/3.18.0/CompilerIdC/CompilerIdC.build/Debug-iphoneos/CompilerIdC.build/CompilerIdC.DependencyMetadataFileList

WriteAuxiliaryFile /Users/clover/Desktop/gfxbench/out/build/ios/app_ios/CMakeFiles/3.18.0/CompilerIdC/CompilerIdC.build/Debug-iphoneos/CompilerIdC.build/CompilerIdC-project-headers.hmap (in target 'CompilerIdC' from project 'CompilerIdC')
    cd /Users/clover/Desktop/gfxbench/out/build/ios/app_ios/CMakeFiles/3.18.0/CompilerIdC
    write-file /Users/clover/Desktop/gfxbench/out/build/ios/app_ios/CMakeFiles/3.18.0/CompilerIdC/CompilerIdC.build/Debug-iphoneos/CompilerIdC.build/CompilerIdC-project-headers.hmap

WriteAuxiliaryFile /Users/clover/Desktop/gfxbench/out/build/ios/app_ios/CMakeFiles/3.18.0/CompilerIdC/CompilerIdC.build/Debug-iphoneos/CompilerIdC.build/CompilerIdC.DependencyStaticMetadataFileList (in target 'CompilerIdC' from project 'CompilerIdC')
    cd /Users/clover/Desktop/gfxbench/out/build/ios/app_ios/CMakeFiles/3.18.0/CompilerIdC
    write-file /Users/clover/Desktop/gfxbench/out/build/ios/app_ios/CMakeFiles/3.18.0/CompilerIdC/CompilerIdC.build/Debug-iphoneos/CompilerIdC.build/CompilerIdC.DependencyStaticMetadataFileList

WriteAuxiliaryFile /Users/clover/Desktop/gfxbench/out/build/ios/app_ios/CMakeFiles/3.18.0/CompilerIdC/CompilerIdC.build/Debug-iphoneos/CompilerIdC.build/CompilerIdC-own-target-headers.hmap (in target 'CompilerIdC' from project 'CompilerIdC')
    cd /Users/clover/Desktop/gfxbench/out/build/ios/app_ios/CMakeFiles/3.18.0/CompilerIdC
    write-file /Users/clover/Desktop/gfxbench/out/build/ios/app_ios/CMakeFiles/3.18.0/CompilerIdC/CompilerIdC.build/Debug-iphoneos/CompilerIdC.build/CompilerIdC-own-target-headers.hmap

WriteAuxiliaryFile /Users/clover/Desktop/gfxbench/out/build/ios/app_ios/CMakeFiles/3.18.0/CompilerIdC/CompilerIdC.build/Debug-iphoneos/CompilerIdC.build/CompilerIdC-generated-files.hmap (in target 'CompilerIdC' from project 'CompilerIdC')
    cd /Users/clover/Desktop/gfxbench/out/build/ios/app_ios/CMakeFiles/3.18.0/CompilerIdC
    write-file /Users/clover/Desktop/gfxbench/out/build/ios/app_ios/CMakeFiles/3.18.0/CompilerIdC/CompilerIdC.build/Debug-iphoneos/CompilerIdC.build/CompilerIdC-generated-files.hmap

WriteAuxiliaryFile /Users/clover/Desktop/gfxbench/out/build/ios/app_ios/CMakeFiles/3.18.0/CompilerIdC/CompilerIdC.build/Debug-iphoneos/CompilerIdC.build/Objects-normal/arm64/7187679823f38a2a940e0043cdf9d637-common-args.resp (in target 'CompilerIdC' from project 'CompilerIdC')
    cd /Users/clover/Desktop/gfxbench/out/build/ios/app_ios/CMakeFiles/3.18.0/CompilerIdC
    write-file /Users/clover/Desktop/gfxbench/out/build/ios/app_ios/CMakeFiles/3.18.0/CompilerIdC/CompilerIdC.build/Debug-iphoneos/CompilerIdC.build/Objects-normal/arm64/7187679823f38a2a940e0043cdf9d637-common-args.resp
-target arm64-apple-ios26.2 -fpascal-strings -Os -isysroot /Applications/Xcode.app/Contents/Developer/Platforms/iPhoneOS.platform/Developer/SDKs/iPhoneOS.sdk -g -iquote /Users/clover/Desktop/gfxbench/out/build/ios/app_ios/CMakeFiles/3.18.0/CompilerIdC/CompilerIdC.build/Debug-iphoneos/CompilerIdC.build/CompilerIdC-generated-files.hmap -I/Users/clover/Desktop/gfxbench/out/build/ios/app_ios/CMakeFiles/3.18.0/CompilerIdC/CompilerIdC.build/Debug-iphoneos/CompilerIdC.build/CompilerIdC-own-target-headers.hmap -I/Users/clover/Desktop/gfxbench/out/build/ios/app_ios/CMakeFiles/3.18.0/CompilerIdC/CompilerIdC.build/Debug-iphoneos/CompilerIdC.build/CompilerIdC-all-target-headers.hmap -iquote /Users/clover/Desktop/gfxbench/out/build/ios/app_ios/CMakeFiles/3.18.0/CompilerIdC/CompilerIdC.build/Debug-iphoneos/CompilerIdC.build/CompilerIdC-project-headers.hmap -I/Users/clover/Desktop/gfxbench/out/build/ios/app_ios/CMakeFiles/3.18.0/CompilerIdC/include -I/Users/clover/Desktop/gfxbench/out/build/ios/app_ios/CMakeFiles/3.18.0/CompilerIdC/CompilerIdC.build/Debug-iphoneos/CompilerIdC.build/DerivedSources-normal/arm64 -I/Users/clover/Desktop/gfxbench/out/build/ios/app_ios/CMakeFiles/3.18.0/CompilerIdC/CompilerIdC.build/Debug-iphoneos/CompilerIdC.build/DerivedSources/arm64 -I/Users/clover/Desktop/gfxbench/out/build/ios/app_ios/CMakeFiles/3.18.0/CompilerIdC/CompilerIdC.build/Debug-iphoneos/CompilerIdC.build/DerivedSources -F/Users/clover/Desktop/gfxbench/out/build/ios/app_ios/CMakeFiles/3.18.0/CompilerIdC -iframework /Applications/Xcode.app/Contents/Developer/Platforms/iPhoneOS.platform/Developer/Library/Frameworks -iframework /Applications/Xcode.app/Contents/Developer/Platforms/iPhoneOS.platform/Developer/SDKs/iPhoneOS.sdk/Developer/Library/Frameworks

WriteAuxiliaryFile /Users/clover/Desktop/gfxbench/out/build/ios/app_ios/CMakeFiles/3.18.0/CompilerIdC/CompilerIdC.build/Debug-iphoneos/CompilerIdC.build/Objects-normal/arm64/CompilerIdC.LinkFileList (in target 'CompilerIdC' from project 'CompilerIdC')
    cd /Users/clover/Desktop/gfxbench/out/build/ios/app_ios/CMakeFiles/3.18.0/CompilerIdC
    write-file /Users/clover/Desktop/gfxbench/out/build/ios/app_ios/CMakeFiles/3.18.0/CompilerIdC/CompilerIdC.build/Debug-iphoneos/CompilerIdC.build/Objects-normal/arm64/CompilerIdC.LinkFileList

WriteAuxiliaryFile /Users/clover/Desktop/gfxbench/out/build/ios/app_ios/CMakeFiles/3.18.0/CompilerIdC/CompilerIdC.build/Debug-iphoneos/CompilerIdC.build/CompilerIdC-all-target-headers.hmap (in target 'CompilerIdC' from project 'CompilerIdC')
    cd /Users/clover/Desktop/gfxbench/out/build/ios/app_ios/CMakeFiles/3.18.0/CompilerIdC
    write-file /Users/clover/Desktop/gfxbench/out/build/ios/app_ios/CMakeFiles/3.18.0/CompilerIdC/CompilerIdC.build/Debug-iphoneos/CompilerIdC.build/CompilerIdC-all-target-headers.hmap

MkDir /Users/clover/Desktop/gfxbench/out/build/ios/app_ios/CMakeFiles/3.18.0/CompilerIdC/CompilerIdC.xctest (in target 'CompilerIdC' from project 'CompilerIdC')
    cd /Users/clover/Desktop/gfxbench/out/build/ios/app_ios/CMakeFiles/3.18.0/CompilerIdC
    /bin/mkdir -p /Users/clover/Desktop/gfxbench/out/build/ios/app_ios/CMakeFiles/3.18.0/CompilerIdC/CompilerIdC.xctest

WriteAuxiliaryFile /Users/clover/Desktop/gfxbench/out/build/ios/app_ios/CMakeFiles/3.18.0/CompilerIdC/CompilerIdC.build/Debug-iphoneos/CompilerIdC.build/CompilerIdC-all-non-framework-target-headers.hmap (in target 'CompilerIdC' from project 'CompilerIdC')
    cd /Users/clover/Desktop/gfxbench/out/build/ios/app_ios/CMakeFiles/3.18.0/CompilerIdC
    write-file /Users/clover/Desktop/gfxbench/out/build/ios/app_ios/CMakeFiles/3.18.0/CompilerIdC/CompilerIdC.build/Debug-iphoneos/CompilerIdC.build/CompilerIdC-all-non-framework-target-headers.hmap

CompileC /Users/clover/Desktop/gfxbench/out/build/ios/app_ios/CMakeFiles/3.18.0/CompilerIdC/CompilerIdC.build/Debug-iphoneos/CompilerIdC.build/Objects-normal/arm64/CMakeCCompilerId.o /Users/clover/Desktop/gfxbench/out/build/ios/app_ios/CMakeFiles/3.18.0/CompilerIdC/CMakeCCompilerId.c normal arm64 c com.apple.compilers.llvm.clang.1_0.compiler (in target 'CompilerIdC' from project 'CompilerIdC')
    cd /Users/clover/Desktop/gfxbench/out/build/ios/app_ios/CMakeFiles/3.18.0/CompilerIdC
    
    Using response file: /Users/clover/Desktop/gfxbench/out/build/ios/app_ios/CMakeFiles/3.18.0/CompilerIdC/CompilerIdC.build/Debug-iphoneos/CompilerIdC.build/Objects-normal/arm64/7187679823f38a2a940e0043cdf9d637-common-args.resp
    
    /Applications/Xcode.app/Contents/Developer/Toolchains/XcodeDefault.xctoolchain/usr/bin/clang -x c -ivfsstatcache /var/folders/9z/nhsvmbtx1dq_6rpw26bm92fh0000gn/C/com.apple.DeveloperTools/26.2-17C52/Xcode/SDKStatCaches.noindex/iphoneos26.2-23C53-3885c01c3e6b6a337905948deab2002eb86d5463c27eb19f5a0802f060ecffd6.sdkstatcache -fmessage-length\=0 -fdiagnostics-show-note-include-stack -fmacro-backtrace-limit\=0 -fno-color-diagnostics -Wno-trigraphs -Wno-missing-field-initializers -Wno-missing-prototypes -Wno-return-type -Wno-missing-braces -Wparentheses -Wswitch -Wno-unused-function -Wno-unused-label -Wno-unused-parameter -Wno-unused-variable -Wunused-value -Wno-empty-body -Wno-uninitialized -Wno-unknown-pragmas -Wno-shadow -Wno-four-char-constants -Wno-conversion -Wno-constant-conversion -Wno-int-conversion -Wno-bool-conversion -Wno-enum-conversion -Wno-float-conversion -Wno-non-literal-null-conversion -Wno-objc-literal-conversion -Wshorten-64-to-32 -Wpointer-sign -Wno-newline-eof -Wno-implicit-fallthrough -fstrict-aliasing -Wdeprecated-declarations -Wno-sign-conversion -Wno-infinite-recursion -Wno-comma -Wno-block-capture-autoreleasing -Wno-strict-prototypes -Wno-semicolon-before-method-body @/Users/clover/Desktop/gfxbench/out/build/ios/app_ios/CMakeFiles/3.18.0/CompilerIdC/CompilerIdC.build/Debug-iphoneos/CompilerIdC.build/Objects-normal/arm64/7187679823f38a2a940e0043cdf9d637-common-args.resp -MMD -MT dependencies -MF /Users/clover/Desktop/gfxbench/out/build/ios/app_ios/CMakeFiles/3.18.0/CompilerIdC/CompilerIdC.build/Debug-iphoneos/CompilerIdC.build/Objects-normal/arm64/CMakeCCompilerId.d --serialize-diagnostics /Users/clover/Desktop/gfxbench/out/build/ios/app_ios/CMakeFiles/3.18.0/CompilerIdC/CompilerIdC.build/Debug-iphoneos/CompilerIdC.build/Objects-normal/arm64/CMakeCCompilerId.dia -c /Users/clover/Desktop/gfxbench/out/build/ios/app_ios/CMakeFiles/3.18.0/CompilerIdC/CMakeCCompilerId.c -o /Users/clover/Desktop/gfxbench/out/build/ios/app_ios/CMakeFiles/3.18.0/CompilerIdC/CompilerIdC.build/Debug-iphoneos/CompilerIdC.build/Objects-normal/arm64/CMakeCCompilerId.o

Ld /Users/clover/Desktop/gfxbench/out/build/ios/app_ios/CMakeFiles/3.18.0/CompilerIdC/CompilerIdC.xctest/CompilerIdC normal (in target 'CompilerIdC' from project 'CompilerIdC')
    cd /Users/clover/Desktop/gfxbench/out/build/ios/app_ios/CMakeFiles/3.18.0/CompilerIdC
    /Applications/Xcode.app/Contents/Developer/Toolchains/XcodeDefault.xctoolchain/usr/bin/clang -Xlinker -reproducible -target arm64-apple-ios26.2 -bundle -isysroot /Applications/Xcode.app/Contents/Developer/Platforms/iPhoneOS.platform/Developer/SDKs/iPhoneOS.sdk -Os -L/Users/clover/Desktop/gfxbench/out/build/ios/app_ios/CMakeFiles/3.18.0/CompilerIdC/EagerLinkingTBDs/Debug-iphoneos -L/Users/clover/Desktop/gfxbench/out/build/ios/app_ios/CMakeFiles/3.18.0/CompilerIdC -L/Applications/Xcode.app/Contents/Developer/Platforms/iPhoneOS.platform/Developer/usr/lib -F/Users/clover/Desktop/gfxbench/out/build/ios/app_ios/CMakeFiles/3.18.0/CompilerIdC/EagerLinkingTBDs/Debug-iphoneos -F/Users/clover/Desktop/gfxbench/out/build/ios/app_ios/CMakeFiles/3.18.0/CompilerIdC -iframework /Applications/Xcode.app/Contents/Developer/Platforms/iPhoneOS.platform/Developer/Library/Frameworks -iframework /Applications/Xcode.app/Contents/Developer/Platforms/iPhoneOS.platform/Developer/SDKs/iPhoneOS.sdk/Developer/Library/Frameworks -filelist /Users/clover/Desktop/gfxbench/out/build/ios/app_ios/CMakeFiles/3.18.0/CompilerIdC/CompilerIdC.build/Debug-iphoneos/CompilerIdC.build/Objects-normal/arm64/CompilerIdC.LinkFileList -Xlinker -rpath -Xlinker @loader_path/Frameworks -dead_strip -Xlinker -object_path_lto -Xlinker /Users/clover/Desktop/gfxbench/out/build/ios/app_ios/CMakeFiles/3.18.0/CompilerIdC/CompilerIdC.build/Debug-iphoneos/CompilerIdC.build/Objects-normal/arm64/CompilerIdC_lto.o -Xlinker -dependency_info -Xlinker /Users/clover/Desktop/gfxbench/out/build/ios/app_ios/CMakeFiles/3.18.0/CompilerIdC/CompilerIdC.build/Debug-iphoneos/CompilerIdC.build/Objects-normal/arm64/CompilerIdC_dependency_info.dat -Xlinker -needed_framework -Xlinker XCTest -framework XCTest -Xlinker -needed-lXCTestSwiftSupport -lXCTestSwiftSupport -o /Users/clover/Desktop/gfxbench/out/build/ios/app_ios/CMakeFiles/3.18.0/CompilerIdC/CompilerIdC.xctest/CompilerIdC

PhaseScriptExecution Run\ Script /Users/clover/Desktop/gfxbench/out/build/ios/app_ios/CMakeFiles/3.18.0/CompilerIdC/CompilerIdC.build/Debug-iphoneos/CompilerIdC.build/Script-2C8FEB8E15DC1A1A00E56A5D.sh (in target 'CompilerIdC' from project 'CompilerIdC')
    cd /Users/clover/Desktop/gfxbench/out/build/ios/app_ios/CMakeFiles/3.18.0/CompilerIdC
    /bin/sh -c /Users/clover/Desktop/gfxbench/out/build/ios/app_ios/CMakeFiles/3.18.0/CompilerIdC/CompilerIdC.build/Debug-iphoneos/CompilerIdC.build/Script-2C8FEB8E15DC1A1A00E56A5D.sh
GCC_VERSION=com.apple.compilers.llvm.clang.1_0
ARCHS=arm64

GenerateDSYMFile /Users/clover/Desktop/gfxbench/out/build/ios/app_ios/CMakeFiles/3.18.0/CompilerIdC/CompilerIdC.xctest.dSYM /Users/clover/Desktop/gfxbench/out/build/ios/app_ios/CMakeFiles/3.18.0/CompilerIdC/CompilerIdC.xctest/CompilerIdC (in target 'CompilerIdC' from project 'CompilerIdC')
    cd /Users/clover/Desktop/gfxbench/out/build/ios/app_ios/CMakeFiles/3.18.0/CompilerIdC
    /Applications/Xcode.app/Contents/Developer/Toolchains/XcodeDefault.xctoolchain/usr/bin/dsymutil /Users/clover/Desktop/gfxbench/out/build/ios/app_ios/CMakeFiles/3.18.0/CompilerIdC/CompilerIdC.xctest/CompilerIdC -o /Users/clover/Desktop/gfxbench/out/build/ios/app_ios/CMakeFiles/3.18.0/CompilerIdC/CompilerIdC.xctest.dSYM

RegisterExecutionPolicyException /Users/clover/Desktop/gfxbench/out/build/ios/app_ios/CMakeFiles/3.18.0/CompilerIdC/CompilerIdC.xctest (in target 'CompilerIdC' from project 'CompilerIdC')
    cd /Users/clover/Desktop/gfxbench/out/build/ios/app_ios/CMakeFiles/3.18.0/CompilerIdC
    builtin-RegisterExecutionPolicyException /Users/clover/Desktop/gfxbench/out/build/ios/app_ios/CMakeFiles/3.18.0/CompilerIdC/CompilerIdC.xctest

Touch /Users/clover/Desktop/gfxbench/out/build/ios/app_ios/CMakeFiles/3.18.0/CompilerIdC/CompilerIdC.xctest (in target 'CompilerIdC' from project 'CompilerIdC')
    cd /Users/clover/Desktop/gfxbench/out/build/ios/app_ios/CMakeFiles/3.18.0/CompilerIdC
    /usr/bin/touch -c /Users/clover/Desktop/gfxbench/out/build/ios/app_ios/CMakeFiles/3.18.0/CompilerIdC/CompilerIdC.xctest

warning: Traditional headermap style is no longer supported; please migrate to using separate headermaps and set 'ALWAYS_SEARCH_USER_PATHS' to NO. (in target 'CompilerIdC' from project 'CompilerIdC')
warning: Run script build phase 'Run Script' will be run during every build because it does not specify any outputs. To address this issue, either add output dependencies to the script phase, or configure it to run in every build by unchecking "Based on dependency analysis" in the script phase. (in target 'CompilerIdC' from project 'CompilerIdC')
** BUILD SUCCEEDED **



Compilation of the C compiler identification source "CMakeCCompilerId.c" produced "CompilerIdC.xctest/CompilerIdC"

The C compiler identification is AppleClang, found in "/Users/clover/Desktop/gfxbench/out/build/ios/app_ios/CMakeFiles/3.18.0/CompilerIdC/CompilerIdC.xctest/CompilerIdC"

Compiling the CXX compiler identification source file "CMakeCXXCompilerId.cpp" succeeded.
Compiler: /Applications/Xcode.app/Contents/Developer/Toolchains/XcodeDefault.xctoolchain/usr/bin/clang++ 
Build flags: 
Id flags:  

The output was:
0
Command line invocation:
    /Applications/Xcode.app/Contents/Developer/usr/bin/xcodebuild

ComputePackagePrebuildTargetDependencyGraph

CreateBuildRequest

SendProjectDescription

CreateBuildOperation

ComputeTargetDependencyGraph
note: Building targets in dependency order
note: Target dependency graph (1 target)
    Target 'CompilerIdCXX' in project 'CompilerIdCXX' (no dependencies)

GatherProvisioningInputs

CreateBuildDescription

ExecuteExternalTool /Applications/Xcode.app/Contents/Developer/Toolchains/XcodeDefault.xctoolchain/usr/bin/clang -v -E -dM -isysroot /Applications/Xcode.app/Contents/Developer/Platforms/iPhoneOS.platform/Developer/SDKs/iPhoneOS.sdk -x c -c /dev/null

ExecuteExternalTool /Applications/Xcode.app/Contents/Developer/Toolchains/XcodeDefault.xctoolchain/usr/bin/clang -v -E -dM -arch arm64 -isysroot /Applications/Xcode.app/Contents/Developer/Platforms/iPhoneOS.platform/Developer/SDKs/iPhoneOS.sdk -x c++ -c /dev/null

ExecuteExternalTool /Applications/Xcode.app/Contents/Developer/Toolchains/XcodeDefault.xctoolchain/usr/bin/clang -v -E -dM -arch arm64 -isysroot /Applications/Xcode.app/Contents/Developer/Platforms/iPhoneOS.platform/Developer/SDKs/iPhoneOS.sdk -x c -c /dev/null

ExecuteExternalTool /Applications/Xcode.app/Contents/Developer/Toolchains/XcodeDefault.xctoolchain/usr/bin/ld -version_details

Build description signature: 4442b104554d9cc5eceff511b5fddb7e
Build description path: /Users/clover/Desktop/gfxbench/out/build/ios/app_ios/CMakeFiles/3.18.0/CompilerIdCXX/./XCBuildData/4442b104554d9cc5eceff511b5fddb7e.xcbuilddata
CreateBuildDirectory /Users/clover/Desktop/gfxbench/out/build/ios/app_ios/CMakeFiles/3.18.0/CompilerIdCXX
    cd /Users/clover/Desktop/gfxbench/out/build/ios/app_ios/CMakeFiles/3.18.0/CompilerIdCXX/CompilerIdCXX.xcodeproj
    builtin-create-build-directory /Users/clover/Desktop/gfxbench/out/build/ios/app_ios/CMakeFiles/3.18.0/CompilerIdCXX

ClangStatCache /Applications/Xcode.app/Contents/Developer/Toolchains/XcodeDefault.xctoolchain/usr/bin/clang-stat-cache /Applications/Xcode.app/Contents/Developer/Platforms/iPhoneOS.platform/Developer/SDKs/iPhoneOS.sdk /var/folders/9z/nhsvmbtx1dq_6rpw26bm92fh0000gn/C/com.apple.DeveloperTools/26.2-17C52/Xcode/SDKStatCaches.noindex/iphoneos26.2-23C53-3885c01c3e6b6a337905948deab2002eb86d5463c27eb19f5a0802f060ecffd6.sdkstatcache
    cd /Users/clover/Desktop/gfxbench/out/build/ios/app_ios/CMakeFiles/3.18.0/CompilerIdCXX/CompilerIdCXX.xcodeproj
    /Applications/Xcode.app/Contents/Developer/Toolchains/XcodeDefault.xctoolchain/usr/bin/clang-stat-cache /Applications/Xcode.app/Contents/Developer/Platforms/iPhoneOS.platform/Developer/SDKs/iPhoneOS.sdk -o /var/folders/9z/nhsvmbtx1dq_6rpw26bm92fh0000gn/C/com.apple.DeveloperTools/26.2-17C52/Xcode/SDKStatCaches.noindex/iphoneos26.2-23C53-3885c01c3e6b6a337905948deab2002eb86d5463c27eb19f5a0802f060ecffd6.sdkstatcache

CreateBuildDirectory /Users/clover/Desktop/gfxbench/out/build/ios/app_ios/CMakeFiles/3.18.0/CompilerIdCXX/SwiftExplicitPrecompiledModules
    cd /Users/clover/Desktop/gfxbench/out/build/ios/app_ios/CMakeFiles/3.18.0/CompilerIdCXX/CompilerIdCXX.xcodeproj
    builtin-create-build-directory /Users/clover/Desktop/gfxbench/out/build/ios/app_ios/CMakeFiles/3.18.0/CompilerIdCXX/SwiftExplicitPrecompiledModules

CreateBuildDirectory /Users/clover/Desktop/gfxbench/out/build/ios/app_ios/CMakeFiles/3.18.0/CompilerIdCXX/ExplicitPrecompiledModules
    cd /Users/clover/Desktop/gfxbench/out/build/ios/app_ios/CMakeFiles/3.18.0/CompilerIdCXX/CompilerIdCXX.xcodeproj
    builtin-create-build-directory /Users/clover/Desktop/gfxbench/out/build/ios/app_ios/CMakeFiles/3.18.0/CompilerIdCXX/ExplicitPrecompiledModules

CreateBuildDirectory /Users/clover/Desktop/gfxbench/out/build/ios/app_ios/CMakeFiles/3.18.0/CompilerIdCXX/EagerLinkingTBDs/Debug-iphoneos
    cd /Users/clover/Desktop/gfxbench/out/build/ios/app_ios/CMakeFiles/3.18.0/CompilerIdCXX/CompilerIdCXX.xcodeproj
    builtin-create-build-directory /Users/clover/Desktop/gfxbench/out/build/ios/app_ios/CMakeFiles/3.18.0/CompilerIdCXX/EagerLinkingTBDs/Debug-iphoneos

WriteAuxiliaryFile /Users/clover/Desktop/gfxbench/out/build/ios/app_ios/CMakeFiles/3.18.0/CompilerIdCXX/CompilerIdCXX.build/Debug-iphoneos/CompilerIdCXX-cab83bf49ed2df1b1ab81a78cb182d1a-VFS-iphoneos/all-product-headers.yaml
    cd /Users/clover/Desktop/gfxbench/out/build/ios/app_ios/CMakeFiles/3.18.0/CompilerIdCXX/CompilerIdCXX.xcodeproj
    write-file /Users/clover/Desktop/gfxbench/out/build/ios/app_ios/CMakeFiles/3.18.0/CompilerIdCXX/CompilerIdCXX.build/Debug-iphoneos/CompilerIdCXX-cab83bf49ed2df1b1ab81a78cb182d1a-VFS-iphoneos/all-product-headers.yaml

WriteAuxiliaryFile /Users/clover/Desktop/gfxbench/out/build/ios/app_ios/CMakeFiles/3.18.0/CompilerIdCXX/CompilerIdCXX.build/Debug-iphoneos/CompilerIdCXX.build/CompilerIdCXX.DependencyStaticMetadataFileList (in target 'CompilerIdCXX' from project 'CompilerIdCXX')
    cd /Users/clover/Desktop/gfxbench/out/build/ios/app_ios/CMakeFiles/3.18.0/CompilerIdCXX
    write-file /Users/clover/Desktop/gfxbench/out/build/ios/app_ios/CMakeFiles/3.18.0/CompilerIdCXX/CompilerIdCXX.build/Debug-iphoneos/CompilerIdCXX.build/CompilerIdCXX.DependencyStaticMetadataFileList

WriteAuxiliaryFile /Users/clover/Desktop/gfxbench/out/build/ios/app_ios/CMakeFiles/3.18.0/CompilerIdCXX/CompilerIdCXX.build/Debug-iphoneos/CompilerIdCXX.build/CompilerIdCXX.hmap (in target 'CompilerIdCXX' from project 'CompilerIdCXX')
    cd /Users/clover/Desktop/gfxbench/out/build/ios/app_ios/CMakeFiles/3.18.0/CompilerIdCXX
    write-file /Users/clover/Desktop/gfxbench/out/build/ios/app_ios/CMakeFiles/3.18.0/CompilerIdCXX/CompilerIdCXX.build/Debug-iphoneos/CompilerIdCXX.build/CompilerIdCXX.hmap

WriteAuxiliaryFile /Users/clover/Desktop/gfxbench/out/build/ios/app_ios/CMakeFiles/3.18.0/CompilerIdCXX/CompilerIdCXX.build/Debug-iphoneos/CompilerIdCXX.build/CompilerIdCXX.DependencyMetadataFileList (in target 'CompilerIdCXX' from project 'CompilerIdCXX')
    cd /Users/clover/Desktop/gfxbench/out/build/ios/app_ios/CMakeFiles/3.18.0/CompilerIdCXX
    write-file /Users/clover/Desktop/gfxbench/out/build/ios/app_ios/CMakeFiles/3.18.0/CompilerIdCXX/CompilerIdCXX.build/Debug-iphoneos/CompilerIdCXX.build/CompilerIdCXX.DependencyMetadataFileList

WriteAuxiliaryFile /Users/clover/Desktop/gfxbench/out/build/ios/app_ios/CMakeFiles/3.18.0/CompilerIdCXX/CompilerIdCXX.build/Debug-iphoneos/CompilerIdCXX.build/CompilerIdCXX-project-headers.hmap (in target 'CompilerIdCXX' from project 'CompilerIdCXX')
    cd /Users/clover/Desktop/gfxbench/out/build/ios/app_ios/CMakeFiles/3.18.0/CompilerIdCXX
    write-file /Users/clover/Desktop/gfxbench/out/build/ios/app_ios/CMakeFiles/3.18.0/CompilerIdCXX/CompilerIdCXX.build/Debug-iphoneos/CompilerIdCXX.build/CompilerIdCXX-project-headers.hmap

WriteAuxiliaryFile /Users/clover/Desktop/gfxbench/out/build/ios/app_ios/CMakeFiles/3.18.0/CompilerIdCXX/CompilerIdCXX.build/Debug-iphoneos/CompilerIdCXX.build/CompilerIdCXX-own-target-headers.hmap (in target 'CompilerIdCXX' from project 'CompilerIdCXX')
    cd /Users/clover/Desktop/gfxbench/out/build/ios/app_ios/CMakeFiles/3.18.0/CompilerIdCXX
    write-file /Users/clover/Desktop/gfxbench/out/build/ios/app_ios/CMakeFiles/3.18.0/CompilerIdCXX/CompilerIdCXX.build/Debug-iphoneos/CompilerIdCXX.build/CompilerIdCXX-own-target-headers.hmap

WriteAuxiliaryFile /Users/clover/Desktop/gfxbench/out/build/ios/app_ios/CMakeFiles/3.18.0/CompilerIdCXX/CompilerIdCXX.build/Debug-iphoneos/CompilerIdCXX.build/Script-2C8FEB8E15DC1A1A00E56A5D.sh (in target 'CompilerIdCXX' from project 'CompilerIdCXX')
    cd /Users/clover/Desktop/gfxbench/out/build/ios/app_ios/CMakeFiles/3.18.0/CompilerIdCXX
    write-file /Users/clover/Desktop/gfxbench/out/build/ios/app_ios/CMakeFiles/3.18.0/CompilerIdCXX/CompilerIdCXX.build/Debug-iphoneos/CompilerIdCXX.build/Script-2C8FEB8E15DC1A1A00E56A5D.sh

WriteAuxiliaryFile /Users/clover/Desktop/gfxbench/out/build/ios/app_ios/CMakeFiles/3.18.0/CompilerIdCXX/CompilerIdCXX.build/Debug-iphoneos/CompilerIdCXX.build/CompilerIdCXX-generated-files.hmap (in target 'CompilerIdCXX' from project 'CompilerIdCXX')
    cd /Users/clover/Desktop/gfxbench/out/build/ios/app_ios/CMakeFiles/3.18.0/CompilerIdCXX
    write-file /Users/clover/Desktop/gfxbench/out/build/ios/app_ios/CMakeFiles/3.18.0/CompilerIdCXX/CompilerIdCXX.build/Debug-iphoneos/CompilerIdCXX.build/CompilerIdCXX-generated-files.hmap

WriteAuxiliaryFile /Users/clover/Desktop/gfxbench/out/build/ios/app_ios/CMakeFiles/3.18.0/CompilerIdCXX/CompilerIdCXX.build/Debug-iphoneos/CompilerIdCXX.build/Objects-normal/arm64/CompilerIdCXX.LinkFileList (in target 'CompilerIdCXX' from project 'CompilerIdCXX')
    cd /Users/clover/Desktop/gfxbench/out/build/ios/app_ios/CMakeFiles/3.18.0/CompilerIdCXX
    write-file /Users/clover/Desktop/gfxbench/out/build/ios/app_ios/CMakeFiles/3.18.0/CompilerIdCXX/CompilerIdCXX.build/Debug-iphoneos/CompilerIdCXX.build/Objects-normal/arm64/CompilerIdCXX.LinkFileList

WriteAuxiliaryFile /Users/clover/Desktop/gfxbench/out/build/ios/app_ios/CMakeFiles/3.18.0/CompilerIdCXX/CompilerIdCXX.build/Debug-iphoneos/CompilerIdCXX.build/Objects-normal/arm64/82b82416624d2658e5098eb0a28c15c5-common-args.resp (in target 'CompilerIdCXX' from project 'CompilerIdCXX')
    cd /Users/clover/Desktop/gfxbench/out/build/ios/app_ios/CMakeFiles/3.18.0/CompilerIdCXX
    write-file /Users/clover/Desktop/gfxbench/out/build/ios/app_ios/CMakeFiles/3.18.0/CompilerIdCXX/CompilerIdCXX.build/Debug-iphoneos/CompilerIdCXX.build/Objects-normal/arm64/82b82416624d2658e5098eb0a28c15c5-common-args.resp
-target arm64-apple-ios26.2 -fpascal-strings -Os -isysroot /Applications/Xcode.app/Contents/Developer/Platforms/iPhoneOS.platform/Developer/SDKs/iPhoneOS.sdk -g -fvisibility-inlines-hidden -iquote /Users/clover/Desktop/gfxbench/out/build/ios/app_ios/CMakeFiles/3.18.0/CompilerIdCXX/CompilerIdCXX.build/Debug-iphoneos/CompilerIdCXX.build/CompilerIdCXX-generated-files.hmap -I/Users/clover/Desktop/gfxbench/out/build/ios/app_ios/CMakeFiles/3.18.0/CompilerIdCXX/CompilerIdCXX.build/Debug-iphoneos/CompilerIdCXX.build/CompilerIdCXX-own-target-headers.hmap -I/Users/clover/Desktop/gfxbench/out/build/ios/app_ios/CMakeFiles/3.18.0/CompilerIdCXX/CompilerIdCXX.build/Debug-iphoneos/CompilerIdCXX.build/CompilerIdCXX-all-target-headers.hmap -iquote /Users/clover/Desktop/gfxbench/out/build/ios/app_ios/CMakeFiles/3.18.0/CompilerIdCXX/CompilerIdCXX.build/Debug-iphoneos/CompilerIdCXX.build/CompilerIdCXX-project-headers.hmap -I/Users/clover/Desktop/gfxbench/out/build/ios/app_ios/CMakeFiles/3.18.0/CompilerIdCXX/include -I/Users/clover/Desktop/gfxbench/out/build/ios/app_ios/CMakeFiles/3.18.0/CompilerIdCXX/CompilerIdCXX.build/Debug-iphoneos/CompilerIdCXX.build/DerivedSources-normal/arm64 -I/Users/clover/Desktop/gfxbench/out/build/ios/app_ios/CMakeFiles/3.18.0/CompilerIdCXX/CompilerIdCXX.build/Debug-iphoneos/CompilerIdCXX.build/DerivedSources/arm64 -I/Users/clover/Desktop/gfxbench/out/build/ios/app_ios/CMakeFiles/3.18.0/CompilerIdCXX/CompilerIdCXX.build/Debug-iphoneos/CompilerIdCXX.build/DerivedSources -F/Users/clover/Desktop/gfxbench/out/build/ios/app_ios/CMakeFiles/3.18.0/CompilerIdCXX -iframework /Applications/Xcode.app/Contents/Developer/Platforms/iPhoneOS.platform/Developer/Library/Frameworks -iframework /Applications/Xcode.app/Contents/Developer/Platforms/iPhoneOS.platform/Developer/SDKs/iPhoneOS.sdk/Developer/Library/Frameworks

WriteAuxiliaryFile /Users/clover/Desktop/gfxbench/out/build/ios/app_ios/CMakeFiles/3.18.0/CompilerIdCXX/CompilerIdCXX.build/Debug-iphoneos/CompilerIdCXX.build/CompilerIdCXX-all-target-headers.hmap (in target 'CompilerIdCXX' from project 'CompilerIdCXX')
    cd /Users/clover/Desktop/gfxbench/out/build/ios/app_ios/CMakeFiles/3.18.0/CompilerIdCXX
    write-file /Users/clover/Desktop/gfxbench/out/build/ios/app_ios/CMakeFiles/3.18.0/CompilerIdCXX/CompilerIdCXX.build/Debug-iphoneos/CompilerIdCXX.build/CompilerIdCXX-all-target-headers.hmap

WriteAuxiliaryFile /Users/clover/Desktop/gfxbench/out/build/ios/app_ios/CMakeFiles/3.18.0/CompilerIdCXX/CompilerIdCXX.build/Debug-iphoneos/CompilerIdCXX.build/CompilerIdCXX-all-non-framework-target-headers.hmap (in target 'CompilerIdCXX' from project 'CompilerIdCXX')
    cd /Users/clover/Desktop/gfxbench/out/build/ios/app_ios/CMakeFiles/3.18.0/CompilerIdCXX
    write-file /Users/clover/Desktop/gfxbench/out/build/ios/app_ios/CMakeFiles/3.18.0/CompilerIdCXX/CompilerIdCXX.build/Debug-iphoneos/CompilerIdCXX.build/CompilerIdCXX-all-non-framework-target-headers.hmap

MkDir /Users/clover/Desktop/gfxbench/out/build/ios/app_ios/CMakeFiles/3.18.0/CompilerIdCXX/CompilerIdCXX.xctest (in target 'CompilerIdCXX' from project 'CompilerIdCXX')
    cd /Users/clover/Desktop/gfxbench/out/build/ios/app_ios/CMakeFiles/3.18.0/CompilerIdCXX
    /bin/mkdir -p /Users/clover/Desktop/gfxbench/out/build/ios/app_ios/CMakeFiles/3.18.0/CompilerIdCXX/CompilerIdCXX.xctest

CompileC /Users/clover/Desktop/gfxbench/out/build/ios/app_ios/CMakeFiles/3.18.0/CompilerIdCXX/CompilerIdCXX.build/Debug-iphoneos/CompilerIdCXX.build/Objects-normal/arm64/CMakeCXXCompilerId.o /Users/clover/Desktop/gfxbench/out/build/ios/app_ios/CMakeFiles/3.18.0/CompilerIdCXX/CMakeCXXCompilerId.cpp normal arm64 c++ com.apple.compilers.llvm.clang.1_0.compiler (in target 'CompilerIdCXX' from project 'CompilerIdCXX')
    cd /Users/clover/Desktop/gfxbench/out/build/ios/app_ios/CMakeFiles/3.18.0/CompilerIdCXX
    
    Using response file: /Users/clover/Desktop/gfxbench/out/build/ios/app_ios/CMakeFiles/3.18.0/CompilerIdCXX/CompilerIdCXX.build/Debug-iphoneos/CompilerIdCXX.build/Objects-normal/arm64/82b82416624d2658e5098eb0a28c15c5-common-args.resp
    
    /Applications/Xcode.app/Contents/Developer/Toolchains/XcodeDefault.xctoolchain/usr/bin/clang -x c++ -ivfsstatcache /var/folders/9z/nhsvmbtx1dq_6rpw26bm92fh0000gn/C/com.apple.DeveloperTools/26.2-17C52/Xcode/SDKStatCaches.noindex/iphoneos26.2-23C53-3885c01c3e6b6a337905948deab2002eb86d5463c27eb19f5a0802f060ecffd6.sdkstatcache -fmessage-length\=0 -fdiagnostics-show-note-include-stack -fmacro-backtrace-limit\=0 -fno-color-diagnostics -Wno-trigraphs -Wno-missing-field-initializers -Wno-missing-prototypes -Wno-return-type -Wno-non-virtual-dtor -Wno-overloaded-virtual -Wno-exit-time-destructors -Wno-missing-braces -Wparentheses -Wswitch -Wno-unused-function -Wno-unused-label -Wno-unused-parameter -Wno-unused-variable -Wunused-value -Wno-empty-body -Wno-uninitialized -Wno-unknown-pragmas -Wno-shadow -Wno-four-char-constants -Wno-conversion -Wno-constant-conversion -Wno-int-conversion -Wno-bool-conversion -Wno-enum-conversion -Wno-float-conversion -Wno-non-literal-null-conversion -Wno-objc-literal-conversion -Wshorten-64-to-32 -Wno-newline-eof -Wno-c++11-extensions -Wno-implicit-fallthrough -fstrict-aliasing -Wdeprecated-declarations -Winvalid-offsetof -Wno-sign-conversion -Wno-infinite-recursion -Wno-move -Wno-comma -Wno-block-capture-autoreleasing -Wno-strict-prototypes -Wno-range-loop-analysis -Wno-semicolon-before-method-body @/Users/clover/Desktop/gfxbench/out/build/ios/app_ios/CMakeFiles/3.18.0/CompilerIdCXX/CompilerIdCXX.build/Debug-iphoneos/CompilerIdCXX.build/Objects-normal/arm64/82b82416624d2658e5098eb0a28c15c5-common-args.resp -MMD -MT dependencies -MF /Users/clover/Desktop/gfxbench/out/build/ios/app_ios/CMakeFiles/3.18.0/CompilerIdCXX/CompilerIdCXX.build/Debug-iphoneos/CompilerIdCXX.build/Objects-normal/arm64/CMakeCXXCompilerId.d --serialize-diagnostics /Users/clover/Desktop/gfxbench/out/build/ios/app_ios/CMakeFiles/3.18.0/CompilerIdCXX/CompilerIdCXX.build/Debug-iphoneos/CompilerIdCXX.build/Objects-normal/arm64/CMakeCXXCompilerId.dia -c /Users/clover/Desktop/gfxbench/out/build/ios/app_ios/CMakeFiles/3.18.0/CompilerIdCXX/CMakeCXXCompilerId.cpp -o /Users/clover/Desktop/gfxbench/out/build/ios/app_ios/CMakeFiles/3.18.0/CompilerIdCXX/CompilerIdCXX.build/Debug-iphoneos/CompilerIdCXX.build/Objects-normal/arm64/CMakeCXXCompilerId.o

Ld /Users/clover/Desktop/gfxbench/out/build/ios/app_ios/CMakeFiles/3.18.0/CompilerIdCXX/CompilerIdCXX.xctest/CompilerIdCXX normal (in target 'CompilerIdCXX' from project 'CompilerIdCXX')
    cd /Users/clover/Desktop/gfxbench/out/build/ios/app_ios/CMakeFiles/3.18.0/CompilerIdCXX
    /Applications/Xcode.app/Contents/Developer/Toolchains/XcodeDefault.xctoolchain/usr/bin/clang++ -Xlinker -reproducible -target arm64-apple-ios26.2 -bundle -isysroot /Applications/Xcode.app/Contents/Developer/Platforms/iPhoneOS.platform/Developer/SDKs/iPhoneOS.sdk -Os -L/Users/clover/Desktop/gfxbench/out/build/ios/app_ios/CMakeFiles/3.18.0/CompilerIdCXX/EagerLinkingTBDs/Debug-iphoneos -L/Users/clover/Desktop/gfxbench/out/build/ios/app_ios/CMakeFiles/3.18.0/CompilerIdCXX -L/Applications/Xcode.app/Contents/Developer/Platforms/iPhoneOS.platform/Developer/usr/lib -F/Users/clover/Desktop/gfxbench/out/build/ios/app_ios/CMakeFiles/3.18.0/CompilerIdCXX/EagerLinkingTBDs/Debug-iphoneos -F/Users/clover/Desktop/gfxbench/out/build/ios/app_ios/CMakeFiles/3.18.0/CompilerIdCXX -iframework /Applications/Xcode.app/Contents/Developer/Platforms/iPhoneOS.platform/Developer/Library/Frameworks -iframework /Applications/Xcode.app/Contents/Developer/Platforms/iPhoneOS.platform/Developer/SDKs/iPhoneOS.sdk/Developer/Library/Frameworks -filelist /Users/clover/Desktop/gfxbench/out/build/ios/app_ios/CMakeFiles/3.18.0/CompilerIdCXX/CompilerIdCXX.build/Debug-iphoneos/CompilerIdCXX.build/Objects-normal/arm64/CompilerIdCXX.LinkFileList -Xlinker -rpath -Xlinker @loader_path/Frameworks -dead_strip -Xlinker -object_path_lto -Xlinker /Users/clover/Desktop/gfxbench/out/build/ios/app_ios/CMakeFiles/3.18.0/CompilerIdCXX/CompilerIdCXX.build/Debug-iphoneos/CompilerIdCXX.build/Objects-normal/arm64/CompilerIdCXX_lto.o -Xlinker -dependency_info -Xlinker /Users/clover/Desktop/gfxbench/out/build/ios/app_ios/CMakeFiles/3.18.0/CompilerIdCXX/CompilerIdCXX.build/Debug-iphoneos/CompilerIdCXX.build/Objects-normal/arm64/CompilerIdCXX_dependency_info.dat -Xlinker -needed_framework -Xlinker XCTest -framework XCTest -Xlinker -needed-lXCTestSwiftSupport -lXCTestSwiftSupport -o /Users/clover/Desktop/gfxbench/out/build/ios/app_ios/CMakeFiles/3.18.0/CompilerIdCXX/CompilerIdCXX.xctest/CompilerIdCXX

PhaseScriptExecution Run\ Script /Users/clover/Desktop/gfxbench/out/build/ios/app_ios/CMakeFiles/3.18.0/CompilerIdCXX/CompilerIdCXX.build/Debug-iphoneos/CompilerIdCXX.build/Script-2C8FEB8E15DC1A1A00E56A5D.sh (in target 'CompilerIdCXX' from project 'CompilerIdCXX')
    cd /Users/clover/Desktop/gfxbench/out/build/ios/app_ios/CMakeFiles/3.18.0/CompilerIdCXX
    /bin/sh -c /Users/clover/Desktop/gfxbench/out/build/ios/app_ios/CMakeFiles/3.18.0/CompilerIdCXX/CompilerIdCXX.build/Debug-iphoneos/CompilerIdCXX.build/Script-2C8FEB8E15DC1A1A00E56A5D.sh
GCC_VERSION=com.apple.compilers.llvm.clang.1_0
ARCHS=arm64

GenerateDSYMFile /Users/clover/Desktop/gfxbench/out/build/ios/app_ios/CMakeFiles/3.18.0/CompilerIdCXX/CompilerIdCXX.xctest.dSYM /Users/clover/Desktop/gfxbench/out/build/ios/app_ios/CMakeFiles/3.18.0/CompilerIdCXX/CompilerIdCXX.xctest/CompilerIdCXX (in target 'CompilerIdCXX' from project 'CompilerIdCXX')
    cd /Users/clover/Desktop/gfxbench/out/build/ios/app_ios/CMakeFiles/3.18.0/CompilerIdCXX
    /Applications/Xcode.app/Contents/Developer/Toolchains/XcodeDefault.xctoolchain/usr/bin/dsymutil /Users/clover/Desktop/gfxbench/out/build/ios/app_ios/CMakeFiles/3.18.0/CompilerIdCXX/CompilerIdCXX.xctest/CompilerIdCXX -o /Users/clover/Desktop/gfxbench/out/build/ios/app_ios/CMakeFiles/3.18.0/CompilerIdCXX/CompilerIdCXX.xctest.dSYM

RegisterExecutionPolicyException /Users/clover/Desktop/gfxbench/out/build/ios/app_ios/CMakeFiles/3.18.0/CompilerIdCXX/CompilerIdCXX.xctest (in target 'CompilerIdCXX' from project 'CompilerIdCXX')
    cd /Users/clover/Desktop/gfxbench/out/build/ios/app_ios/CMakeFiles/3.18.0/CompilerIdCXX
    builtin-RegisterExecutionPolicyException /Users/clover/Desktop/gfxbench/out/build/ios/app_ios/CMakeFiles/3.18.0/CompilerIdCXX/CompilerIdCXX.xctest

Touch /Users/clover/Desktop/gfxbench/out/build/ios/app_ios/CMakeFiles/3.18.0/CompilerIdCXX/CompilerIdCXX.xctest (in target 'CompilerIdCXX' from project 'CompilerIdCXX')
    cd /Users/clover/Desktop/gfxbench/out/build/ios/app_ios/CMakeFiles/3.18.0/CompilerIdCXX
    /usr/bin/touch -c /Users/clover/Desktop/gfxbench/out/build/ios/app_ios/CMakeFiles/3.18.0/CompilerIdCXX/CompilerIdCXX.xctest

warning: Traditional headermap style is no longer supported; please migrate to using separate headermaps and set 'ALWAYS_SEARCH_USER_PATHS' to NO. (in target 'CompilerIdCXX' from project 'CompilerIdCXX')
warning: Run script build phase 'Run Script' will be run during every build because it does not specify any outputs. To address this issue, either add output dependencies to the script phase, or configure it to run in every build by unchecking "Based on dependency analysis" in the script phase. (in target 'CompilerIdCXX' from project 'CompilerIdCXX')
** BUILD SUCCEEDED **



Compilation of the CXX compiler identification source "CMakeCXXCompilerId.cpp" produced "CompilerIdCXX.xctest/CompilerIdCXX"

The CXX compiler identification is AppleClang, found in "/Users/clover/Desktop/gfxbench/out/build/ios/app_ios/CMakeFiles/3.18.0/CompilerIdCXX/CompilerIdCXX.xctest/CompilerIdCXX"

